// Jest Snapshot v1, https://goo.gl/fbAQLP

exports[`IdentityTransformer format format complex types 1`] = `
Object {
  "group": "json",
  "levelNumeric": 16,
  "levelText": "INFO",
  "message": Object {
    "some": "complex",
    "structure": Array [
      1,
      true,
    ],
  },
  "timestamp": "NOW",
}
`;
